Archive member included to satisfy reference by file (symbol)

E:/STM32/STM32CubeIDE_1.15.0/STM32CubeIDE/plugins/com.st.stm32cube.ide.mcu.externaltools.gnu-tools-for-stm32.12.3.rel1.win32_1.0.100.202403111256/tools/bin/../lib/gcc/arm-none-eabi/12.3.1/../../../../arm-none-eabi/lib/thumb/v7e-m+fp/hard\libc_nano.a(libc_a-exit.o)
                              E:/STM32/STM32CubeIDE_1.15.0/STM32CubeIDE/plugins/com.st.stm32cube.ide.mcu.externaltools.gnu-tools-for-stm32.12.3.rel1.win32_1.0.100.202403111256/tools/bin/../lib/gcc/arm-none-eabi/12.3.1/../../../../arm-none-eabi/lib/thumb/v7e-m+fp/hard/crt0.o (exit)
E:/STM32/STM32CubeIDE_1.15.0/STM32CubeIDE/plugins/com.st.stm32cube.ide.mcu.externaltools.gnu-tools-for-stm32.12.3.rel1.win32_1.0.100.202403111256/tools/bin/../lib/gcc/arm-none-eabi/12.3.1/../../../../arm-none-eabi/lib/thumb/v7e-m+fp/hard\libc_nano.a(libc_a-findfp.o)
                              E:/STM32/STM32CubeIDE_1.15.0/STM32CubeIDE/plugins/com.st.stm32cube.ide.mcu.externaltools.gnu-tools-for-stm32.12.3.rel1.win32_1.0.100.202403111256/tools/bin/../lib/gcc/arm-none-eabi/12.3.1/../../../../arm-none-eabi/lib/thumb/v7e-m+fp/hard\libc_nano.a(libc_a-exit.o) (__stdio_exit_handler)
E:/STM32/STM32CubeIDE_1.15.0/STM32CubeIDE/plugins/com.st.stm32cube.ide.mcu.externaltools.gnu-tools-for-stm32.12.3.rel1.win32_1.0.100.202403111256/tools/bin/../lib/gcc/arm-none-eabi/12.3.1/../../../../arm-none-eabi/lib/thumb/v7e-m+fp/hard\libc_nano.a(libc_a-fwalk.o)
                              E:/STM32/STM32CubeIDE_1.15.0/STM32CubeIDE/plugins/com.st.stm32cube.ide.mcu.externaltools.gnu-tools-for-stm32.12.3.rel1.win32_1.0.100.202403111256/tools/bin/../lib/gcc/arm-none-eabi/12.3.1/../../../../arm-none-eabi/lib/thumb/v7e-m+fp/hard\libc_nano.a(libc_a-findfp.o) (_fwalk_sglue)
E:/STM32/STM32CubeIDE_1.15.0/STM32CubeIDE/plugins/com.st.stm32cube.ide.mcu.externaltools.gnu-tools-for-stm32.12.3.rel1.win32_1.0.100.202403111256/tools/bin/../lib/gcc/arm-none-eabi/12.3.1/../../../../arm-none-eabi/lib/thumb/v7e-m+fp/hard\libc_nano.a(libc_a-stdio.o)
                              E:/STM32/STM32CubeIDE_1.15.0/STM32CubeIDE/plugins/com.st.stm32cube.ide.mcu.externaltools.gnu-tools-for-stm32.12.3.rel1.win32_1.0.100.202403111256/tools/bin/../lib/gcc/arm-none-eabi/12.3.1/../../../../arm-none-eabi/lib/thumb/v7e-m+fp/hard\libc_nano.a(libc_a-findfp.o) (__sread)
E:/STM32/STM32CubeIDE_1.15.0/STM32CubeIDE/plugins/com.st.stm32cube.ide.mcu.externaltools.gnu-tools-for-stm32.12.3.rel1.win32_1.0.100.202403111256/tools/bin/../lib/gcc/arm-none-eabi/12.3.1/../../../../arm-none-eabi/lib/thumb/v7e-m+fp/hard\libc_nano.a(libc_a-memset.o)
                              E:/STM32/STM32CubeIDE_1.15.0/STM32CubeIDE/plugins/com.st.stm32cube.ide.mcu.externaltools.gnu-tools-for-stm32.12.3.rel1.win32_1.0.100.202403111256/tools/bin/../lib/gcc/arm-none-eabi/12.3.1/../../../../arm-none-eabi/lib/thumb/v7e-m+fp/hard/crt0.o (memset)
E:/STM32/STM32CubeIDE_1.15.0/STM32CubeIDE/plugins/com.st.stm32cube.ide.mcu.externaltools.gnu-tools-for-stm32.12.3.rel1.win32_1.0.100.202403111256/tools/bin/../lib/gcc/arm-none-eabi/12.3.1/../../../../arm-none-eabi/lib/thumb/v7e-m+fp/hard\libc_nano.a(libc_a-closer.o)
                              E:/STM32/STM32CubeIDE_1.15.0/STM32CubeIDE/plugins/com.st.stm32cube.ide.mcu.externaltools.gnu-tools-for-stm32.12.3.rel1.win32_1.0.100.202403111256/tools/bin/../lib/gcc/arm-none-eabi/12.3.1/../../../../arm-none-eabi/lib/thumb/v7e-m+fp/hard\libc_nano.a(libc_a-stdio.o) (_close_r)
E:/STM32/STM32CubeIDE_1.15.0/STM32CubeIDE/plugins/com.st.stm32cube.ide.mcu.externaltools.gnu-tools-for-stm32.12.3.rel1.win32_1.0.100.202403111256/tools/bin/../lib/gcc/arm-none-eabi/12.3.1/../../../../arm-none-eabi/lib/thumb/v7e-m+fp/hard\libc_nano.a(libc_a-reent.o)
                              E:/STM32/STM32CubeIDE_1.15.0/STM32CubeIDE/plugins/com.st.stm32cube.ide.mcu.externaltools.gnu-tools-for-stm32.12.3.rel1.win32_1.0.100.202403111256/tools/bin/../lib/gcc/arm-none-eabi/12.3.1/../../../../arm-none-eabi/lib/thumb/v7e-m+fp/hard\libc_nano.a(libc_a-closer.o) (errno)
E:/STM32/STM32CubeIDE_1.15.0/STM32CubeIDE/plugins/com.st.stm32cube.ide.mcu.externaltools.gnu-tools-for-stm32.12.3.rel1.win32_1.0.100.202403111256/tools/bin/../lib/gcc/arm-none-eabi/12.3.1/../../../../arm-none-eabi/lib/thumb/v7e-m+fp/hard\libc_nano.a(libc_a-impure.o)
                              E:/STM32/STM32CubeIDE_1.15.0/STM32CubeIDE/plugins/com.st.stm32cube.ide.mcu.externaltools.gnu-tools-for-stm32.12.3.rel1.win32_1.0.100.202403111256/tools/bin/../lib/gcc/arm-none-eabi/12.3.1/../../../../arm-none-eabi/lib/thumb/v7e-m+fp/hard\libc_nano.a(libc_a-reent.o) (_impure_ptr)
E:/STM32/STM32CubeIDE_1.15.0/STM32CubeIDE/plugins/com.st.stm32cube.ide.mcu.externaltools.gnu-tools-for-stm32.12.3.rel1.win32_1.0.100.202403111256/tools/bin/../lib/gcc/arm-none-eabi/12.3.1/../../../../arm-none-eabi/lib/thumb/v7e-m+fp/hard\libc_nano.a(libc_a-lseekr.o)
[...]
Memory Configuration

Name             Origin             Length             Attributes
RAM              0x20000000         0x00020000         xrw
FLASH            0x08000000         0x00080000         xr
*default*        0x00000000         0xffffffff

Linker script and memory map

LOAD E:/STM32/STM32CubeIDE_1.15.0/STM32CubeIDE/plugins/com.st.stm32cube.ide.mcu.externaltools.gnu-tools-for-stm32.12.3.rel1.win32_1.0.100.202403111256/tools/bin/../lib/gcc/arm-none-eabi/12.3.1/thumb/v7e-m+fp/hard/crti.o
LOAD E:/STM32/STM32CubeIDE_1.15.0/STM32CubeIDE/plugins/com.st.stm32cube.ide.mcu.externaltools.gnu-tools-for-stm32.12.3.rel1.win32_1.0.100.202403111256/tools/bin/../lib/gcc/arm-none-eabi/12.3.1/thumb/v7e-m+fp/hard/crtbegin.o
LOAD E:/STM32/STM32CubeIDE_1.15.0/STM32CubeIDE/plugins/com.st.stm32cube.ide.mcu.externaltools.gnu-tools-for-stm32.12.3.rel1.win32_1.0.100.202403111256/tools/bin/../lib/gcc/arm-none-eabi/12.3.1/../../../../arm-none-eabi/lib/thumb/v7e-m+fp/hard/crt0.o
LOAD ./Core/Src/main.o
LOAD ./Core/Src/stm32f4xx_hal_msp.o
LOAD ./Core/Src/stm32f4xx_it.o
LOAD ./Core/Src/syscalls.o
LOAD ./Core/Src/sysmem.o
LOAD ./Core/Src/system_stm32f4xx.o
LOAD ./Core/Startup/startup_stm32f411vetx.o
LOAD ./My_Application/exti.o
LOAD ./My_Application/gpio.o
LOAD ./My_Application/rcc.o
LOAD ./My_Application/systick.o
LOAD ./My_Application/uart.o
START GROUP
LOAD E:/STM32/STM32CubeIDE_1.15.0/STM32CubeIDE/plugins/com.st.stm32cube.ide.mcu.externaltools.gnu-tools-for-stm32.12.3.rel1.win32_1.0.100.202403111256/tools/bin/../lib/gcc/arm-none-eabi/12.3.1/../../../../arm-none-eabi/lib/thumb/v7e-m+fp/hard\libc_nano.a
LOAD E:/STM32/STM32CubeIDE_1.15.0/STM32CubeIDE/plugins/com.st.stm32cube.ide.mcu.externaltools.gnu-tools-for-stm32.12.3.rel1.win32_1.0.100.202403111256/tools/bin/../lib/gcc/arm-none-eabi/12.3.1/../../../../arm-none-eabi/lib/thumb/v7e-m+fp/hard\libm.a
END GROUP
START GROUP
LOAD E:/STM32/STM32CubeIDE_1.15.0/STM32CubeIDE/plugins/com.st.stm32cube.ide.mcu.externaltools.gnu-tools-for-stm32.12.3.rel1.win32_1.0.100.202403111256/tools/bin/../lib/gcc/arm-none-eabi/12.3.1/thumb/v7e-m+fp/hard\libgcc.a
LOAD E:/STM32/STM32CubeIDE_1.15.0/STM32CubeIDE/plugins/com.st.stm32cube.ide.mcu.externaltools.gnu-tools-for-stm32.12.3.rel1.win32_1.0.100.202403111256/tools/bin/../lib/gcc/arm-none-eabi/12.3.1/../../../../arm-none-eabi/lib/thumb/v7e-m+fp/hard\libc_nano.a
END GROUP
START GROUP
LOAD E:/STM32/STM32CubeIDE_1.15.0/STM32CubeIDE/plugins/com.st.stm32cube.ide.mcu.externaltools.gnu-tools-for-stm32.12.3.rel1.win32_1.0.100.202403111256/tools/bin/../lib/gcc/arm-none-eabi/12.3.1/thumb/v7e-m+fp/hard\libgcc.a
LOAD E:/STM32/STM32CubeIDE_1.15.0/STM32CubeIDE/plugins/com.st.stm32cube.ide.mcu.externaltools.gnu-tools-for-stm32.12.3.rel1.win32_1.0.100.202403111256/tools/bin/../lib/gcc/arm-none-eabi/12.3.1/../../../../arm-none-eabi/lib/thumb/v7e-m+fp/hard\libc_nano.a
LOAD E:/STM32/STM32CubeIDE_1.15.0/STM32CubeIDE/plugins/com.st.stm32cube.ide.mcu.externaltools.gnu-tools-for-stm32.12.3.rel1.win32_1.0.100.202403111256/tools/bin/../lib/gcc/arm-none-eabi/12.3.1/../../../../arm-none-eabi/lib/thumb/v7e-m+fp/hard\libnosys.a
END GROUP
START GROUP
LOAD E:/STM32/STM32CubeIDE_1.15.0/STM32CubeIDE/plugins/com.st.stm32cube.ide.mcu.externaltools.gnu-tools-for-stm32.12.3.rel1.win32_1.0.100.202403111256/tools/bin/../lib/gcc/arm-none-eabi/12.3.1/thumb/v7e-m+fp/hard\libgcc.a
LOAD E:/STM32/STM32CubeIDE_1.15.0/STM32CubeIDE/plugins/com.st.stm32cube.ide.mcu.externaltools.gnu-tools-for-stm32.12.3.rel1.win32_1.0.100.202403111256/tools/bin/../lib/gcc/arm-none-eabi/12.3.1/../../../../arm-none-eabi/lib/thumb/v7e-m+fp/hard\libc_nano.a
LOAD E:/STM32/STM32CubeIDE_1.15.0/STM32CubeIDE/plugins/com.st.stm32cube.ide.mcu.externaltools.gnu-tools-for-stm32.12.3.rel1.win32_1.0.100.202403111256/tools/bin/../lib/gcc/arm-none-eabi/12.3.1/../../../../arm-none-eabi/lib/thumb/v7e-m+fp/hard\libnosys.a
END GROUP
LOAD E:/STM32/STM32CubeIDE_1.15.0/STM32CubeIDE/plugins/com.st.stm32cube.ide.mcu.externaltools.gnu-tools-for-stm32.12.3.rel1.win32_1.0.100.202403111256/tools/bin/../lib/gcc/arm-none-eabi/12.3.1/thumb/v7e-m+fp/hard/crtend.o
LOAD E:/STM32/STM32CubeIDE_1.15.0/STM32CubeIDE/plugins/com.st.stm32cube.ide.mcu.externaltools.gnu-tools-for-stm32.12.3.rel1.win32_1.0.100.202403111256/tools/bin/../lib/gcc/arm-none-eabi/12.3.1/thumb/v7e-m+fp/hard/crtn.o
                0x20020000                        _estack = (ORIGIN (RAM) + LENGTH (RAM))
                0x00000200                        _Min_Heap_Size = 0x200
                0x00000400                        _Min_Stack_Size = 0x400

.isr_vector     0x08000000      0x198
                0x08000000                        . = ALIGN (0x4)
 *(.isr_vector)
 .isr_vector    0x08000000      0x198 ./Core/Startup/startup_stm32f411vetx.o
                0x08000000                g_pfnVectors
                0x08000198                        . = ALIGN (0x4)

.text           0x08000198      0x68c
                0x08000198                        . = ALIGN (0x4)
 *(.text)
 .text          0x08000198       0x40 E:/STM32/STM32CubeIDE_1.15.0/STM32CubeIDE/plugins/com.st.stm32cube.ide.mcu.externaltools.gnu-tools-for-stm32.12.3.rel1.win32_1.0.100.202403111256/tools/bin/../lib/gcc/arm-none-eabi/12.3.1/thumb/v7e-m+fp/hard/crtbegin.o
 *(.text*)
 .text.My_UART_Callback
                0x080001d8       0x1a ./Core/Src/main.o
                0x080001d8                My_UART_Callback
 *fill*         0x080001f2        0x2 
 .text.main     0x080001f4       0x74 ./Core/Src/main.o
                0x080001f4                main
 .text.NMI_Handler
                0x08000268        0x8 ./Core/Src/stm32f4xx_it.o
                0x08000268                NMI_Handler
 .text.HardFault_Handler
                0x08000270        0x8 ./Core/Src/stm32f4xx_it.o
                0x08000270                HardFault_Handler
 .text.MemManage_Handler
                0x08000278        0x8 ./Core/Src/stm32f4xx_it.o
                0x08000278                MemManage_Handler
 .text.BusFault_Handler
                0x08000280        0x8 ./Core/Src/stm32f4xx_it.o
                0x08000280                BusFault_Handler
 .text.UsageFault_Handler
                0x08000288        0x8 ./Core/Src/stm32f4xx_it.o
                0x08000288                UsageFault_Handler
 .text.SVC_Handler
                0x08000290        0xe ./Core/Src/stm32f4xx_it.o
                0x08000290                SVC_Handler
 .text.DebugMon_Handler
                0x0800029e        0xe ./Core/Src/stm32f4xx_it.o
                0x0800029e                DebugMon_Handler
 .text.PendSV_Handler
                0x080002ac        0xe ./Core/Src/stm32f4xx_it.o
                0x080002ac                PendSV_Handler
 *fill*         0x080002ba        0x2 
 .text.SystemInit
                0x080002bc       0x24 ./Core/Src/system_stm32f4xx.o
                0x080002bc                SystemInit
 .text.Reset_Handler
                0x080002e0       0x50 ./Core/Startup/startup_stm32f411vetx.o
                0x080002e0                Reset_Handler
 .text.Default_Handler
                0x08000330        0x2 ./Core/Startup/startup_stm32f411vetx.o
                0x08000330                RTC_Alarm_IRQHandler
                0x08000330                EXTI2_IRQHandler
                0x08000330                SPI4_IRQHandler
                0x08000330                TIM1_CC_IRQHandler
                0x08000330                DMA2_Stream5_IRQHandler
                0x08000330                DMA1_Stream5_IRQHandler
                0x08000330                PVD_IRQHandler
                0x08000330                SDIO_IRQHandler
                0x08000330                TAMP_STAMP_IRQHandler
                0x08000330                EXTI3_IRQHandler
                0x08000330                TIM1_UP_TIM10_IRQHandler
                0x08000330                I2C3_ER_IRQHandler
                0x08000330                EXTI0_IRQHandler
                0x08000330                I2C2_EV_IRQHandler
                0x08000330                DMA1_Stream2_IRQHandler
                0x08000330                FPU_IRQHandler
                0x08000330                DMA2_Stream2_IRQHandler
                0x08000330                SPI1_IRQHandler
                0x08000330                TIM1_BRK_TIM9_IRQHandler
                0x08000330                DMA2_Stream3_IRQHandler
                0x08000330                USART6_IRQHandler
                0x08000330                DMA2_Stream0_IRQHandler
                0x08000330                TIM4_IRQHandler
                0x08000330                I2C1_EV_IRQHandler
                0x08000330                DMA1_Stream6_IRQHandler
                0x08000330                DMA1_Stream1_IRQHandler
                0x08000330                TIM3_IRQHandler
                0x08000330                RCC_IRQHandler
                0x08000330                Default_Handler
                0x08000330                EXTI15_10_IRQHandler
                0x08000330                ADC_IRQHandler
                0x08000330                DMA1_Stream7_IRQHandler
                0x08000330                SPI5_IRQHandler
                0x08000330                TIM5_IRQHandler
                0x08000330                DMA2_Stream7_IRQHandler
                0x08000330                I2C3_EV_IRQHandler
                0x08000330                EXTI9_5_IRQHandler
                0x08000330                RTC_WKUP_IRQHandler
                0x08000330                SPI2_IRQHandler
                0x08000330                DMA1_Stream0_IRQHandler
                0x08000330                EXTI4_IRQHandler
                0x08000330                WWDG_IRQHandler
                0x08000330                TIM2_IRQHandler
                0x08000330                OTG_FS_WKUP_IRQHandler
                0x08000330                TIM1_TRG_COM_TIM11_IRQHandler
                0x08000330                EXTI1_IRQHandler
                0x08000330                I2C2_ER_IRQHandler
                0x08000330                DMA2_Stream1_IRQHandler
                0x08000330                FLASH_IRQHandler
                0x08000330                DMA2_Stream4_IRQHandler
                0x08000330                USART1_IRQHandler
                0x08000330                OTG_FS_IRQHandler
                0x08000330                SPI3_IRQHandler
                0x08000330                DMA1_Stream4_IRQHandler
                0x08000330                I2C1_ER_IRQHandler
                0x08000330                DMA2_Stream6_IRQHandler
                0x08000330                DMA1_Stream3_IRQHandler
 *fill*         0x08000332        0x2 
 .text.EXTI0_init
                0x08000334       0xa0 ./My_Application/exti.o
                0x08000334                EXTI0_init
 .text.Led_init
                0x080003d4       0x48 ./My_Application/gpio.o
                0x080003d4                Led_init
 .text.BlinkLED
                0x0800041c       0x60 ./My_Application/gpio.o
                0x0800041c                BlinkLED
 .text.PLL_Clock_100Mhz_init
                0x0800047c      0x10c ./My_Application/rcc.o
                0x0800047c                PLL_Clock_100Mhz_init
 .text.Sys_tick_init
                0x08000588       0x38 ./My_Application/systick.o
                0x08000588                Sys_tick_init
 .text.SysTick_Handler
                0x080005c0       0x34 ./My_Application/systick.o
                0x080005c0                SysTick_Handler
 .text.delay_ms
                0x080005f4       0x2c ./My_Application/systick.o
                0x080005f4                delay_ms
 .text.UART2_init
                0x08000620       0xb8 ./My_Application/uart.o
                0x08000620                UART2_init
 .text.UART_Send_byte
                0x080006d8       0x4c ./My_Application/uart.o
                0x080006d8                UART_Send_byte
 .text.UART_Send_String
                0x08000724       0x36 ./My_Application/uart.o
                0x08000724                UART_Send_String
 *fill*         0x0800075a        0x2 
 .text.USART2_IRQHandler
                0x0800075c       0x48 ./My_Application/uart.o
                0x0800075c                USART2_IRQHandler
 .text.uart_RX_set_callback
                0x080007a4       0x20 ./My_Application/uart.o
                0x080007a4                uart_RX_set_callback
 .text.__libc_init_array
                0x080007c4       0x48 E:/STM32/STM32CubeIDE_1.15.0/STM32CubeIDE/plugins/com.st.stm32cube.ide.mcu.externaltools.gnu-tools-for-stm32.12.3.rel1.win32_1.0.100.202403111256/tools/bin/../lib/gcc/arm-none-eabi/12.3.1/../../../../arm-none-eabi/lib/thumb/v7e-m+fp/hard\libc_nano.a(libc_a-init.o)
                0x080007c4                __libc_init_array
 *(.glue_7)
 .glue_7        0x0800080c        0x0 linker stubs
 *(.glue_7t)
 .glue_7t       0x0800080c        0x0 linker stubs
 *(.eh_frame)
 .eh_frame      0x0800080c        0x0 E:/STM32/STM32CubeIDE_1.15.0/STM32CubeIDE/plugins/com.st.stm32cube.ide.mcu.externaltools.gnu-tools-for-stm32.12.3.rel1.win32_1.0.100.202403111256/tools/bin/../lib/gcc/arm-none-eabi/12.3.1/thumb/v7e-m+fp/hard/crtbegin.o
 *(.init)
 .init          0x0800080c        0x4 E:/STM32/STM32CubeIDE_1.15.0/STM32CubeIDE/plugins/com.st.stm32cube.ide.mcu.externaltools.gnu-tools-for-stm32.12.3.rel1.win32_1.0.100.202403111256/tools/bin/../lib/gcc/arm-none-eabi/12.3.1/thumb/v7e-m+fp/hard/crti.o
                0x0800080c                _init
 .init          0x08000810        0x8 E:/STM32/STM32CubeIDE_1.15.0/STM32CubeIDE/plugins/com.st.stm32cube.ide.mcu.externaltools.gnu-tools-for-stm32.12.3.rel1.win32_1.0.100.202403111256/tools/bin/../lib/gcc/arm-none-eabi/12.3.1/thumb/v7e-m+fp/hard/crtn.o
 *(.fini)
 .fini          0x08000818        0x4 E:/STM32/STM32CubeIDE_1.15.0/STM32CubeIDE/plugins/com.st.stm32cube.ide.mcu.externaltools.gnu-tools-for-stm32.12.3.rel1.win32_1.0.100.202403111256/tools/bin/../lib/gcc/arm-none-eabi/12.3.1/thumb/v7e-m+fp/hard/crti.o
                0x08000818                _fini
 .fini          0x0800081c        0x8 E:/STM32/STM32CubeIDE_1.15.0/STM32CubeIDE/plugins/com.st.stm32cube.ide.mcu.externaltools.gnu-tools-for-stm32.12.3.rel1.win32_1.0.100.202403111256/tools/bin/../lib/gcc/arm-none-eabi/12.3.1/thumb/v7e-m+fp/hard/crtn.o
                0x08000824                        . = ALIGN (0x4)
                0x08000824                        _etext = .

.vfp11_veneer   0x08000824        0x0
 .vfp11_veneer  0x08000824        0x0 linker stubs

.v4_bx          0x08000824        0x0
 .v4_bx         0x08000824        0x0 linker stubs

.iplt           0x08000824        0x0
 .iplt          0x08000824        0x0 E:/STM32/STM32CubeIDE_1.15.0/STM32CubeIDE/plugins/com.st.stm32cube.ide.mcu.externaltools.gnu-tools-for-stm32.12.3.rel1.win32_1.0.100.202403111256/tools/bin/../lib/gcc/arm-none-eabi/12.3.1/thumb/v7e-m+fp/hard/crtbegin.o

.rodata         0x08000824       0x14
                0x08000824                        . = ALIGN (0x4)
 *(.rodata)
 .rodata        0x08000824       0x11 ./Core/Src/main.o
 *(.rodata*)
                0x08000838                        . = ALIGN (0x4)
 *fill*         0x08000835        0x3 

.ARM.extab      0x08000838        0x0
                0x08000838                        . = ALIGN (0x4)
 *(.ARM.extab* .gnu.linkonce.armextab.*)
                0x08000838                        . = ALIGN (0x4)

.ARM            0x08000838        0x0
                0x08000838                        . = ALIGN (0x4)
                0x08000838                        __exidx_start = .
 *(.ARM.exidx*)
                0x08000838                        __exidx_end = .
                0x08000838                        . = ALIGN (0x4)

.preinit_array  0x08000838        0x0
                0x08000838                        . = ALIGN (0x4)
                0x08000838                        PROVIDE (__preinit_array_start = .)
 *(.preinit_array*)
                0x08000838                        PROVIDE (__preinit_array_end = .)
                0x08000838                        . = ALIGN (0x4)

.init_array     0x08000838        0x4
                0x08000838                        . = ALIGN (0x4)
                0x08000838                        PROVIDE (__init_array_start = .)
 *(SORT_BY_NAME(.init_array.*))
 *(.init_array*)
 .init_array    0x08000838        0x4 E:/STM32/STM32CubeIDE_1.15.0/STM32CubeIDE/plugins/com.st.stm32cube.ide.mcu.externaltools.gnu-tools-for-stm32.12.3.rel1.win32_1.0.100.202403111256/tools/bin/../lib/gcc/arm-none-eabi/12.3.1/thumb/v7e-m+fp/hard/crtbegin.o
                0x0800083c                        PROVIDE (__init_array_end = .)
                0x0800083c                        . = ALIGN (0x4)

.fini_array     0x0800083c        0x4
                0x0800083c                        . = ALIGN (0x4)
                [!provide]                        PROVIDE (__fini_array_start = .)
 *(SORT_BY_NAME(.fini_array.*))
 *(.fini_array*)
 .fini_array    0x0800083c        0x4 E:/STM32/STM32CubeIDE_1.15.0/STM32CubeIDE/plugins/com.st.stm32cube.ide.mcu.externaltools.gnu-tools-for-stm32.12.3.rel1.win32_1.0.100.202403111256/tools/bin/../lib/gcc/arm-none-eabi/12.3.1/thumb/v7e-m+fp/hard/crtbegin.o
                [!provide]                        PROVIDE (__fini_array_end = .)
                0x08000840                        . = ALIGN (0x4)
                0x08000840                        _sidata = LOADADDR (.data)

.rel.dyn        0x08000840        0x0
 .rel.iplt      0x08000840        0x0 E:/STM32/STM32CubeIDE_1.15.0/STM32CubeIDE/plugins/com.st.stm32cube.ide.mcu.externaltools.gnu-tools-for-stm32.12.3.rel1.win32_1.0.100.202403111256/tools/bin/../lib/gcc/arm-none-eabi/12.3.1/thumb/v7e-m+fp/hard/crtbegin.o

.data           0x20000000        0x0 load address 0x08000840
                0x20000000                        . = ALIGN (0x4)
                0x20000000                        _sdata = .
 *(.data)
 *(.data*)
 *(.RamFunc)
 *(.RamFunc*)
                0x20000000                        . = ALIGN (0x4)
                0x20000000                        _edata = .

.igot.plt       0x20000000        0x0 load address 0x08000840
 .igot.plt      0x20000000        0x0 E:/STM32/STM32CubeIDE_1.15.0/STM32CubeIDE/plugins/com.st.stm32cube.ide.mcu.externaltools.gnu-tools-for-stm32.12.3.rel1.win32_1.0.100.202403111256/tools/bin/../lib/gcc/arm-none-eabi/12.3.1/thumb/v7e-m+fp/hard/crtbegin.o
                0x20000000                        . = ALIGN (0x4)

.bss            0x20000000       0x68 load address 0x08000840
                0x20000000                        _sbss = .
                0x20000000                        __bss_start__ = _sbss
 *(.bss)
 .bss           0x20000000       0x1c E:/STM32/STM32CubeIDE_1.15.0/STM32CubeIDE/plugins/com.st.stm32cube.ide.mcu.externaltools.gnu-tools-for-stm32.12.3.rel1.win32_1.0.100.202403111256/tools/bin/../lib/gcc/arm-none-eabi/12.3.1/thumb/v7e-m+fp/hard/crtbegin.o
 *(.bss*)
 .bss.tick      0x2000001c        0x4 ./My_Application/systick.o
                0x2000001c                tick
 .bss.uart_handler
                0x20000020        0x4 ./My_Application/uart.o
                0x20000020                uart_handler
 .bss.rx_buf    0x20000024       0x40 ./My_Application/uart.o
                0x20000024                rx_buf
 .bss.rx_index  0x20000064        0x4 ./My_Application/uart.o
                0x20000064                rx_index
 *(COMMON)
                0x20000068                        . = ALIGN (0x4)
                0x20000068                        _ebss = .
                0x20000068                        __bss_end__ = _ebss

._user_heap_stack
                0x20000068      0x600 load address 0x08000840
                0x20000068                        . = ALIGN (0x8)
                [!provide]                        PROVIDE (end = .)
                0x20000068                        PROVIDE (_end = .)
                0x20000268                        . = (. + _Min_Heap_Size)
 *fill*         0x20000068      0x200 
                0x20000668                        . = (. + _Min_Stack_Size)
 *fill*         0x20000268      0x400 
                0x20000668                        . = ALIGN (0x8)

/DISCARD/
 libc.a(*)
 libm.a(*)
 libgcc.a(*)

.ARM.attributes
                0x00000000       0x30
 *(.ARM.attributes)
 .ARM.attributes
                0x00000000       0x22 E:/STM32/STM32CubeIDE_1.15.0/STM32CubeIDE/plugins/com.st.stm32cube.ide.mcu.externaltools.gnu-tools-for-stm32.12.3.rel1.win32_1.0.100.202403111256/tools/bin/../lib/gcc/arm-none-eabi/12.3.1/thumb/v7e-m+fp/hard/crti.o
 .ARM.attributes
                0x00000022       0x34 E:/STM32/STM32CubeIDE_1.15.0/STM32CubeIDE/plugins/com.st.stm32cube.ide.mcu.externaltools.gnu-tools-for-stm32.12.3.rel1.win32_1.0.100.202403111256/tools/bin/../lib/gcc/arm-none-eabi/12.3.1/thumb/v7e-m+fp/hard/crtbegin.o
 .ARM.attributes
                0x00000056       0x34 ./Core/Src/main.o
 .ARM.attributes
                0x0000008a       0x34 ./Core/Src/stm32f4xx_it.o
 .ARM.attributes
                0x000000be       0x34 ./Core/Src/system_stm32f4xx.o
 .ARM.attributes
                0x000000f2       0x21 ./Core/Startup/startup_stm32f411vetx.o
 .ARM.attributes
                0x00000113       0x34 ./My_Application/exti.o
 .ARM.attributes
                0x00000147       0x34 ./My_Application/gpio.o
 .ARM.attributes
                0x0000017b       0x34 ./My_Application/rcc.o
 .ARM.attributes
                0x000001af       0x34 ./My_Application/systick.o
 .ARM.attributes
                0x000001e3       0x34 ./My_Application/uart.o
 .ARM.attributes
                0x00000217       0x34 E:/STM32/STM32CubeIDE_1.15.0/STM32CubeIDE/plugins/com.st.stm32cube.ide.mcu.externaltools.gnu-tools-for-stm32.12.3.rel1.win32_1.0.100.202403111256/tools/bin/../lib/gcc/arm-none-eabi/12.3.1/../../../../arm-none-eabi/lib/thumb/v7e-m+fp/hard\libc_nano.a(libc_a-init.o)
 .ARM.attributes
                0x0000024b       0x22 E:/STM32/STM32CubeIDE_1.15.0/STM32CubeIDE/plugins/com.st.stm32cube.ide.mcu.externaltools.gnu-tools-for-stm32.12.3.rel1.win32_1.0.100.202403111256/tools/bin/../lib/gcc/arm-none-eabi/12.3.1/thumb/v7e-m+fp/hard/crtn.o
OUTPUT(STM32F411.elf elf32-littlearm)
LOAD linker stubs
LOAD E:/STM32/STM32CubeIDE_1.15.0/STM32CubeIDE/plugins/com.st.stm32cube.ide.mcu.externaltools.gnu-tools-for-stm32.12.3.rel1.win32_1.0.100.202403111256/tools/bin/../lib/gcc/arm-none-eabi/12.3.1/../../../../arm-none-eabi/lib/thumb/v7e-m+fp/hard\libc.a
LOAD E:/STM32/STM32CubeIDE_1.15.0/STM32CubeIDE/plugins/com.st.stm32cube.ide.mcu.externaltools.gnu-tools-for-stm32.12.3.rel1.win32_1.0.100.202403111256/tools/bin/../lib/gcc/arm-none-eabi/12.3.1/../../../../arm-none-eabi/lib/thumb/v7e-m+fp/hard\libm.a
LOAD E:/STM32/STM32CubeIDE_1.15.0/STM32CubeIDE/plugins/com.st.stm32cube.ide.mcu.externaltools.gnu-tools-for-stm32.12.3.rel1.win32_1.0.100.202403111256/tools/bin/../lib/gcc/arm-none-eabi/12.3.1/thumb/v7e-m+fp/hard\libgcc.a

.debug_info     0x00000000      0xe9c
 .debug_info    0x00000000      0x1c5 ./Core/Src/main.o
 .debug_info    0x000001c5       0xf8 ./Core/Src/stm32f4xx_it.o
 .debug_info    0x000002bd      0x53e ./Core/Src/system_stm32f4xx.o
 .debug_info    0x000007fb       0x30 ./Core/Startup/startup_stm32f411vetx.o
 .debug_info    0x0000082b      0x108 ./My_Application/exti.o
 .debug_info    0x00000933      0x142 ./My_Application/gpio.o
 .debug_info    0x00000a75       0xda ./My_Application/rcc.o
 .debug_info    0x00000b4f      0x118 ./My_Application/systick.o
 .debug_info    0x00000c67      0x235 ./My_Application/uart.o

.debug_abbrev   0x00000000      0x63c
 .debug_abbrev  0x00000000      0x11b ./Core/Src/main.o
 .debug_abbrev  0x0000011b       0x47 ./Core/Src/stm32f4xx_it.o
 .debug_abbrev  0x00000162      0x11a ./Core/Src/system_stm32f4xx.o
 .debug_abbrev  0x0000027c       0x24 ./Core/Startup/startup_stm32f411vetx.o
 .debug_abbrev  0x000002a0       0x6f ./My_Application/exti.o
 .debug_abbrev  0x0000030f       0xbb ./My_Application/gpio.o
 .debug_abbrev  0x000003ca       0x70 ./My_Application/rcc.o
 .debug_abbrev  0x0000043a       0xc6 ./My_Application/systick.o
 .debug_abbrev  0x00000500      0x13c ./My_Application/uart.o

.debug_aranges  0x00000000      0x1a8
 .debug_aranges
                0x00000000       0x28 ./Core/Src/main.o
 .debug_aranges
                0x00000028       0x58 ./Core/Src/stm32f4xx_it.o
 .debug_aranges
                0x00000080       0x28 ./Core/Src/system_stm32f4xx.o
 .debug_aranges
                0x000000a8       0x28 ./Core/Startup/startup_stm32f411vetx.o
 .debug_aranges
                0x000000d0       0x20 ./My_Application/exti.o
 .debug_aranges
                0x000000f0       0x28 ./My_Application/gpio.o
 .debug_aranges
                0x00000118       0x20 ./My_Application/rcc.o
 .debug_aranges
                0x00000138       0x30 ./My_Application/systick.o
 .debug_aranges
                0x00000168       0x40 ./My_Application/uart.o

.debug_rnglists
                0x00000000      0x115
 .debug_rnglists
                0x00000000       0x19 ./Core/Src/main.o
 .debug_rnglists
                0x00000019       0x3d ./Core/Src/stm32f4xx_it.o
 .debug_rnglists
                0x00000056       0x1a ./Core/Src/system_stm32f4xx.o
 .debug_rnglists
                0x00000070       0x19 ./Core/Startup/startup_stm32f411vetx.o
 .debug_rnglists
                0x00000089       0x14 ./My_Application/exti.o
 .debug_rnglists
                0x0000009d       0x19 ./My_Application/gpio.o
 .debug_rnglists
                0x000000b6       0x14 ./My_Application/rcc.o
 .debug_rnglists
                0x000000ca       0x1f ./My_Application/systick.o
 .debug_rnglists
                0x000000e9       0x2c ./My_Application/uart.o

.debug_macro    0x00000000     0x2242
 .debug_macro   0x00000000      0x1a2 ./Core/Src/main.o
 .debug_macro   0x000001a2      0xab4 ./Core/Src/main.o
 .debug_macro   0x00000c56       0x22 ./Core/Src/main.o
 .debug_macro   0x00000c78       0x8e ./Core/Src/main.o
 .debug_macro   0x00000d06       0x51 ./Core/Src/main.o
 .debug_macro   0x00000d57      0x103 ./Core/Src/main.o
 .debug_macro   0x00000e5a       0x6a ./Core/Src/main.o
 .debug_macro   0x00000ec4      0x1df ./Core/Src/main.o
 .debug_macro   0x000010a3       0x61 ./Core/Src/main.o
 .debug_macro   0x00001104       0x2a ./Core/Src/main.o
 .debug_macro   0x0000112e       0x43 ./Core/Src/main.o
 .debug_macro   0x00001171       0x34 ./Core/Src/main.o
 .debug_macro   0x000011a5       0x16 ./Core/Src/main.o
 .debug_macro   0x000011bb       0x9e ./Core/Src/main.o
 .debug_macro   0x00001259      0x369 ./Core/Src/main.o
 .debug_macro   0x000015c2      0x10b ./Core/Src/main.o
 .debug_macro   0x000016cd       0x10 ./Core/Src/main.o
 .debug_macro   0x000016dd       0x16 ./Core/Src/main.o
 .debug_macro   0x000016f3       0x43 ./Core/Src/main.o
 .debug_macro   0x00001736       0x34 ./Core/Src/main.o
 .debug_macro   0x0000176a       0x10 ./Core/Src/main.o
 .debug_macro   0x0000177a       0x58 ./Core/Src/main.o
 .debug_macro   0x000017d2       0x8e ./Core/Src/main.o
 .debug_macro   0x00001860       0x1c ./Core/Src/main.o
 .debug_macro   0x0000187c      0x177 ./Core/Src/main.o
 .debug_macro   0x000019f3       0x16 ./Core/Src/main.o
 .debug_macro   0x00001a09       0x16 ./Core/Src/main.o
 .debug_macro   0x00001a1f      0x146 ./Core/Src/main.o
 .debug_macro   0x00001b65       0x16 ./Core/Src/main.o
 .debug_macro   0x00001b7b       0x35 ./Core/Src/main.o
 .debug_macro   0x00001bb0       0x20 ./Core/Src/main.o
 .debug_macro   0x00001bd0      0x1c4 ./Core/Src/stm32f4xx_it.o
 .debug_macro   0x00001d94      0x1b0 ./Core/Src/system_stm32f4xx.o
 .debug_macro   0x00001f44       0x6d ./My_Application/exti.o
 .debug_macro   0x00001fb1       0x6d ./My_Application/gpio.o
 .debug_macro   0x0000201e       0x6d ./My_Application/rcc.o
 .debug_macro   0x0000208b       0x6d ./My_Application/systick.o
 .debug_macro   0x000020f8      0x14a ./My_Application/uart.o

.debug_line     0x00000000     0x2eec
 .debug_line    0x00000000      0x661 ./Core/Src/main.o
 .debug_line    0x00000661      0x7bc ./Core/Src/stm32f4xx_it.o
 .debug_line    0x00000e1d      0x796 ./Core/Src/system_stm32f4xx.o
 .debug_line    0x000015b3       0x7a ./Core/Startup/startup_stm32f411vetx.o
 .debug_line    0x0000162d      0x48d ./My_Application/exti.o
 .debug_line    0x00001aba      0x478 ./My_Application/gpio.o
 .debug_line    0x00001f32      0x4bc ./My_Application/rcc.o
 .debug_line    0x000023ee      0x47c ./My_Application/systick.o
 .debug_line    0x0000286a      0x682 ./My_Application/uart.o

.debug_str      0x00000000    0x81a1b
 .debug_str     0x00000000     0x76f5 ./Core/Src/main.o
                               0x78d7 (size before relaxing)
 .debug_str     0x000076f5    0x79f34 ./Core/Src/stm32f4xx_it.o
                              0x7e01a (size before relaxing)
 .debug_str     0x00081629      0x1e1 ./Core/Src/system_stm32f4xx.o
                              0x7e172 (size before relaxing)
 .debug_str     0x0008180a       0x44 ./Core/Startup/startup_stm32f411vetx.o
                                 0x67 (size before relaxing)
 .debug_str     0x0008184e       0x6a ./My_Application/exti.o
                               0x3d74 (size before relaxing)
 .debug_str     0x000818b8       0x3b ./My_Application/gpio.o
                               0x3d89 (size before relaxing)
 .debug_str     0x000818f3       0x3e ./My_Application/rcc.o
                               0x3d52 (size before relaxing)
 .debug_str     0x00081931       0x48 ./My_Application/systick.o
                               0x3d61 (size before relaxing)
 .debug_str     0x00081979       0xa2 ./My_Application/uart.o
                               0x7856 (size before relaxing)

.comment        0x00000000       0x43
 .comment       0x00000000       0x43 ./Core/Src/main.o
                                 0x44 (size before relaxing)
 .comment       0x00000043       0x44 ./Core/Src/stm32f4xx_it.o
 .comment       0x00000043       0x44 ./Core/Src/system_stm32f4xx.o
 .comment       0x00000043       0x44 ./My_Application/exti.o
 .comment       0x00000043       0x44 ./My_Application/gpio.o
 .comment       0x00000043       0x44 ./My_Application/rcc.o
 .comment       0x00000043       0x44 ./My_Application/systick.o
 .comment       0x00000043       0x44 ./My_Application/uart.o

.debug_frame    0x00000000      0x3ec
 .debug_frame   0x00000000       0x58 ./Core/Src/main.o
 .debug_frame   0x00000058       0xe8 ./Core/Src/stm32f4xx_it.o
 .debug_frame   0x00000140       0x58 ./Core/Src/system_stm32f4xx.o
 .debug_frame   0x00000198       0x38 ./My_Application/exti.o
 .debug_frame   0x000001d0       0x60 ./My_Application/gpio.o
 .debug_frame   0x00000230       0x38 ./My_Application/rcc.o
 .debug_frame   0x00000268       0x88 ./My_Application/systick.o
 .debug_frame   0x000002f0       0xd0 ./My_Application/uart.o
 .debug_frame   0x000003c0       0x2c E:/STM32/STM32CubeIDE_1.15.0/STM32CubeIDE/plugins/com.st.stm32cube.ide.mcu.externaltools.gnu-tools-for-stm32.12.3.rel1.win32_1.0.100.202403111256/tools/bin/../lib/gcc/arm-none-eabi/12.3.1/../../../../arm-none-eabi/lib/thumb/v7e-m+fp/hard\libc_nano.a(libc_a-init.o)

.debug_line_str
                0x00000000       0x4b
 .debug_line_str
                0x00000000       0x4b ./Core/Startup/startup_stm32f411vetx.o
